356
371
372
394
405
418
421
427
431
432
434
435
436
439
443
447
457
464
468
