{
    "testNGVSSCX_AstroMini": [
        "testNGVSSCX",
        "Astrocytes"
    ],
    "src_cells": {
        "population": "All",
        "node_id": [
            1,
            16,
            26,
            41,
            67,
            70,
            146,
            149,
            158,
            161,
            162,
            164,
            169,
            180,
            356,
            371,
            372,
            394,
            405,
            418,
            421,
            427,
            431,
            432,
            434,
            435,
            436,
            439,
            443,
            447,
            457,
            464,
            468,
            474,
            475,
            495,
            496,
            547,
            550,
            557,
            568,
            583,
            588,
            632,
            633,
            678
        ]
    },
    "testNGVSSCX": {
        "population": "All",
        "node_id": [
            1,
            16,
            26,
            41,
            67,
            70,
            146,
            149,
            158,
            161,
            162,
            164,
            169,
            180,
            356,
            371,
            372,
            394,
            405,
            418,
            421,
            427,
            431,
            432,
            434,
            435,
            436,
            439,
            443,
            447,
            457,
            464,
            468,
            474,
            475,
            495,
            496,
            547,
            550,
            557,
            568,
            583,
            588,
            632,
            633,
            678
        ]
    },
    "Astrocytes": {
        "population": "astrocytes",
        "node_id": [
            0,
            1
        ]
    }
}
