0
1
97
98
99
100
101
102
103
104
105
106
107
108
136
137
138
139
140
141
142
143
144
152
157
164
165
186
331
332
347
348
349
350
351
352
373
374
375
376
377
378
379
380
381
382
383
384
385
386
387
388
389
390
391
470
483
484
485
486
487
488
489
490
491
492
493
506
507
508
509
510
511
512
513
514
515
516
517
674
675
676
677
678
679
